1:1 OP_PLUS "+"
1:3 OP_MINUS "-"
1:5 OP_STAR "*"
1:7 OP_SLASH "/"
1:9 OP_PERCENT "%"
1:11 OP_EQ "=="
1:14 OP_NE "!="
1:17 OP_LT "<"
1:19 OP_LE "<="
1:22 OP_GT ">"
1:24 OP_GE ">="
1:27 OP_AND "&&"
1:30 OP_OR "||"
1:33 OP_NOT "!"
1:35 OP_ASSIGN "="
1:37 OP_ASSIGN_ADD "+="
1:40 OP_ASSIGN_SUB "-="
1:43 OP_ASSIGN_MUL "*="
1:46 OP_ASSIGN_DIV "/="
1:48 END_OF_FILE ""
